ASxxxx Assembler V02.00 + NoICE + SDCC mods  (Zilog Z80 / Hitachi HD64180 / ZX-Next / eZ80), page 1.
Hexadecimal [24-Bits]



                                      1 	.area _CODE
                                      2 
      000000                          3 _cls::
      000000 F5               [11]    4 	PUSH AF
      000001 3E 00            [ 7]    5 	LD A,#0
      000003 C3 08 00         [10]    6 	JP   8
      000006                          7 _print_text::
      000006 F5               [11]    8 	PUSH AF
      000007 3E 01            [ 7]    9 	LD A,#1
      000009 C3 08 00         [10]   10 	JP   8
      00000C                         11 _print_word::
      00000C F5               [11]   12 	PUSH AF
      00000D 3E 02            [ 7]   13 	LD A,#2
      00000F C3 08 00         [10]   14 	JP   8
      000012                         15 _strlen::
      000012 F5               [11]   16 	PUSH AF
      000013 3E 03            [ 7]   17 	LD A,#3
      000015 C3 08 00         [10]   18 	JP   8
      000018                         19 _input_empty::
      000018 F5               [11]   20 	PUSH AF
      000019 3E 04            [ 7]   21 	LD A,#4
      00001B C3 08 00         [10]   22 	JP   8
      00001E                         23 _input_read::
      00001E F5               [11]   24 	PUSH AF
      00001F 3E 05            [ 7]   25 	LD A,#5
      000021 C3 08 00         [10]   26 	JP   8
      000024                         27 _strcmp::
      000024 F5               [11]   28 	PUSH AF
      000025 3E 06            [ 7]   29 	LD A,#6
      000027 C3 08 00         [10]   30 	JP   8
      00002A                         31 _strncmp::
      00002A F5               [11]   32 	PUSH AF
      00002B 3E 07            [ 7]   33 	LD A,#7
      00002D C3 08 00         [10]   34 	JP   8
      000030                         35 _newline::
      000030 F5               [11]   36 	PUSH AF
      000031 3E 08            [ 7]   37 	LD A,#8
      000033 C3 08 00         [10]   38 	JP   8
      000036                         39 _rng::
      000036 F5               [11]   40 	PUSH AF
      000037 3E 09            [ 7]   41 	LD A,#9
      000039 C3 08 00         [10]   42 	JP   8
      00003C                         43 _gpu_block::
      00003C F5               [11]   44 	PUSH AF
      00003D 3E 0A            [ 7]   45 	LD A,#10
      00003F C3 08 00         [10]   46 	JP   8
      000042                         47 _gpu_byte::
      000042 F5               [11]   48 	PUSH AF
      000043 3E 0B            [ 7]   49 	LD A,#11
      000045 C3 08 00         [10]   50 	JP   8
      000048                         51 _gpu_flush::
      000048 F5               [11]   52 	PUSH AF
      000049 3E 0C            [ 7]   53 	LD A,#12
      00004B C3 08 00         [10]   54 	JP   8
      00004E                         55 _timer::
ASxxxx Assembler V02.00 + NoICE + SDCC mods  (Zilog Z80 / Hitachi HD64180 / ZX-Next / eZ80), page 2.
Hexadecimal [24-Bits]



      00004E F5               [11]   56 	PUSH AF
      00004F 3E 0D            [ 7]   57 	LD A,#13
      000051 C3 08 00         [10]   58 	JP   8
      000054                         59 _list_dir::
      000054 F5               [11]   60 	PUSH AF
      000055 3E 0E            [ 7]   61 	LD A,#14
      000057 C3 08 00         [10]   62 	JP   8
      00005A                         63 _list_next::
      00005A F5               [11]   64 	PUSH AF
      00005B 3E 0F            [ 7]   65 	LD A,#15
      00005D C3 08 00         [10]   66 	JP   8
      000060                         67 _open_file::
      000060 F5               [11]   68 	PUSH AF
      000061 3E 10            [ 7]   69 	LD A,#16
      000063 C3 08 00         [10]   70 	JP   8
      000066                         71 _read_file::
      000066 F5               [11]   72 	PUSH AF
      000067 3E 11            [ 7]   73 	LD A,#17
      000069 C3 08 00         [10]   74 	JP   8
      00006C                         75 _close_file::
      00006C F5               [11]   76 	PUSH AF
      00006D 3E 12            [ 7]   77 	LD A,#18
      00006F C3 08 00         [10]   78 	JP   8
ASxxxx Assembler V02.00 + NoICE + SDCC mods  (Zilog Z80 / Hitachi HD64180 / ZX-Next / eZ80), page 3.
Hexadecimal [24-Bits]

Symbol Table

    .__.$$$.=  002710 L   |     .__.ABS.=  000000 G   |     .__.CPU.=  000000 L
    .__.H$L.=  000000 L   |   0 _close_f   00006C GR  |   0 _cls       000000 GR
  0 _gpu_blo   00003C GR  |   0 _gpu_byt   000042 GR  |   0 _gpu_flu   000048 GR
  0 _input_e   000018 GR  |   0 _input_r   00001E GR  |   0 _list_di   000054 GR
  0 _list_ne   00005A GR  |   0 _newline   000030 GR  |   0 _open_fi   000060 GR
  0 _print_t   000006 GR  |   0 _print_w   00000C GR  |   0 _read_fi   000066 GR
  0 _rng       000036 GR  |   0 _strcmp    000024 GR  |   0 _strlen    000012 GR
  0 _strncmp   00002A GR  |   0 _timer     00004E GR

ASxxxx Assembler V02.00 + NoICE + SDCC mods  (Zilog Z80 / Hitachi HD64180 / ZX-Next / eZ80), page 4.
Hexadecimal [24-Bits]

Area Table

   0 _CODE      size     72   flags    0

